<html>
<body>
<pre>
<h1>µVision Build Log</h1>
<h2>Tool Versions:</h2>
IDE-Version: ¦ÌVision V5.14.0.0
Copyright (C) 2015 ARM Ltd and ARM Germany GmbH. All rights reserved.
License Information: 1 ljc, 1, LIC=47GU5-GNNV2-63BMB-2AGAB-PU1XC-CM4JI
 
Tool Versions:
Toolchain:       MDK-ARM Standard  Version: 5.14.0.0
Toolchain Path:  D:\Keil5\ARM\ARMCC\Bin
C Compiler:      Armcc.exe V5.05 update 1 (build 106)
Assembler:       Armasm.exe V5.05 update 1 (build 106)
Linker/Locator:  ArmLink.exe V5.05 update 1 (build 106)
Library Manager: ArmAr.exe V5.05 update 1 (build 106)
Hex Converter:   FromElf.exe V5.05 update 1 (build 106)
CPU DLL:         SARMCM3.DLL V5.14.0.0
Dialog DLL:      DARMSTM.DLL V1.65.0.0
Target DLL:      STLink\ST-LINKIII-KEIL_SWO.dll V2.0.14.0_KEIL
Dialog DLL:      TCM.DLL V1.14.4.0
 
<h2>Project:</h2>
D:\stm32ÏîÄ¿ÖÇ»Û³ø·¿¼à²â\SmartKitchen\project.uvprojx
Project File Date:  08/02/2023

<h2>Output:</h2>
Build target 'Target 1'
compiling buffer.c...
.\Software\inc\buffer.h(17): warning:  #1295-D: Deprecated declaration Buffer_Init - give arg types
  void Buffer_Init();
.\Software\inc\buffer.h(23): warning:  #1-D: last line of file ends without a newline
  #endif
Software\buffer.c: 2 warnings, 0 errors
linking...
Program Size: Code=19380 RO-data=3484 RW-data=300 ZI-data=14684  
".\Objects\project.axf" - 0 Error(s), 2 Warning(s).

<h2>Collection of Component include folders:</h2>
  D:\stm32ÏîÄ¿ÖÇ»Û³ø·¿¼à²â\SmartKitchen\RTE
  D:\Keil5\ARM\PACK\Keil\STM32F1xx_DFP\2.2.0

<h2>Collection of Component Files used:</h2>
</pre>
</body>
</html>
